// Jest Snapshot v1, https://goo.gl/fbAQLP

exports[`Datepicker Should match snapshot 1`] = `
<div>
  <div
    class="sc-5c4378d1-1 bKLvTD"
    data-testid="input--datepicker"
    value=""
  >
    <label
      class="sc-5c4378d1-0 dizwnr"
      for="input--datepicker"
    >
      Test Field
    </label>
    <div
      class="rmdp-container "
      style="display: inline-block;"
    >
      <input
        autocomplete="off"
        class="rmdp-input"
        id="input--datepicker"
        inputmode="none"
        placeholder="00/00/0000"
        type="text"
        value=""
      />
      <div
        class=""
        style="position: absolute; left: 0px; top: 0px; will-change: transform; visibility: hidden; z-index: 100;"
      >
        <div />
      </div>
    </div>
  </div>
</div>
`;
